// Jest Snapshot v1, https://goo.gl/fbAQLP

exports[`click on title invokes dispatchViewDetail() 1`] = `
<div>
  <a
    href="/film/tt2310332"
    onClick={[Function]}
    style={
      Object {
        "color": "#210d87",
      }
    }
    title="View film details"
  >
    The Hobbit: The Battle of the Five Armies, 2014
  </a>
</div>
`;
