// Jest Snapshot v1, https://goo.gl/fbAQLP

exports[`FilmList renders list of titles 1`] = `
<div>
  <header
    style={
      Object {
        "background": "linear-gradient(to right, #000040, #3b00ff)",
        "color": "white",
        "padding": "10px",
      }
    }
  >
    <div
      style={
        Object {
          "display": "flex",
          "justifyContent": "space-between",
        }
      }
    >
      <h1
        style={
          Object {
            "fontSize": 22,
            "marginTop": 10,
          }
        }
      />
      <a
        href="/about"
        style={
          Object {
            "color": "white",
          }
        }
      >
        about
      </a>
    </div>
    <form
      style={
        Object {
          "marginBottom": "8pt",
          "minWidth": "320px",
        }
      }
    >
      <label>
        Search
        <div
          style={
            Object {
              "display": "flex",
              "flex": "1 1",
              "maxWidth": 600,
              "position": "relative",
              "width": "100%",
            }
          }
        >
          <span
            charSet="utf-8"
            dangerouslySetInnerHTML={
              Object {
                "__html": "⚲",
              }
            }
            style={
              Object {
                "color": "#888",
                "fontSize": "20pt",
                "left": "6pt",
                "position": "absolute",
                "top": "3pt",
                "transform": "rotate(-45deg)",
              }
            }
          />
          <input
            onChange={[Function]}
            placeholder="Title"
            style={
              Object {
                "color": "black",
                "fontSize": "12pt",
                "height": "24pt",
                "marginTop": "4pt",
                "maxWidth": "640px",
                "textIndent": "24pt",
                "width": "100%",
              }
            }
            type="search"
            value=""
          />
          <span
            aria-label="Cancel"
            charSet="utf-8"
            className="hover-pointer"
            dangerouslySetInnerHTML={
              Object {
                "__html": "❌",
              }
            }
            onClick={[Function]}
            onKeyPress={[Function]}
            role="button"
            style={
              Object {
                "color": "#888",
                "fontSize": "18pt",
                "position": "absolute",
                "right": 5,
                "top": 5,
              }
            }
            tabIndex={0}
          />
        </div>
      </label>
    </form>
  </header>
  <div>
    <ul
      style={
        Object {
          "lineHeight": 1.5,
          "listStyleType": "none",
          "marginTop": 20,
        }
      }
    >
      <div>
        <a
          href="/film/tt2310332"
          onClick={[Function]}
          style={
            Object {
              "color": undefined,
            }
          }
          title="View film details"
        >
          The Hobbit: The Battle of the Five Armies, 2014
        </a>
      </div>
      <div>
        <a
          href="/film/tt1217613"
          onClick={[Function]}
          style={
            Object {
              "color": undefined,
            }
          }
          title="View film details"
        >
          Battle Los Angeles, 2011
        </a>
      </div>
      <div>
        <a
          href="/film/tt0266308"
          onClick={[Function]}
          style={
            Object {
              "color": undefined,
            }
          }
          title="View film details"
        >
          Battle Royale, 2000
        </a>
      </div>
      <div>
        <a
          href="/film/tt1078912"
          onClick={[Function]}
          style={
            Object {
              "color": undefined,
            }
          }
          title="View film details"
        >
          Night at the Museum: Battle of the Smithsonian, 2009
        </a>
      </div>
      <div>
        <a
          href="/film/tt0058946"
          onClick={[Function]}
          style={
            Object {
              "color": undefined,
            }
          }
          title="View film details"
        >
          The Battle of Algiers, 1966
        </a>
      </div>
      <div>
        <a
          href="/film/tt4622512"
          onClick={[Function]}
          style={
            Object {
              "color": undefined,
            }
          }
          title="View film details"
        >
          Battle of the Sexes, 2017
        </a>
      </div>
      <div>
        <a
          href="/film/tt0069768"
          onClick={[Function]}
          style={
            Object {
              "color": undefined,
            }
          }
          title="View film details"
        >
          Battle for the Planet of the Apes, 1973
        </a>
      </div>
      <div>
        <a
          href="/film/tt2263944"
          onClick={[Function]}
          style={
            Object {
              "color": undefined,
            }
          }
          title="View film details"
        >
          Dragon Ball Z: Battle of Gods, 2013
        </a>
      </div>
      <div>
        <a
          href="/film/tt2536562"
          onClick={[Function]}
          style={
            Object {
              "color": undefined,
            }
          }
          title="View film details"
        >
          Dragon Ball Z: Battle of Gods, 2013
        </a>
      </div>
      <div>
        <a
          href="/film/tt0064072"
          onClick={[Function]}
          style={
            Object {
              "color": undefined,
            }
          }
          title="View film details"
        >
          Battle of Britain, 1969
        </a>
      </div>
    </ul>
    <div
      style={
        Object {
          "alignItems": "baseline",
          "display": "flex",
          "justifyContent": "flex-start",
          "marginLeft": 40,
        }
      }
    >
      <button
        className="btn btn-link"
        onClick={[Function]}
        style={
          Object {
            "color": "darkgrey",
            "fontSize": 16,
            "marginLeft": 40,
          }
        }
        type="button"
      >
        top
      </button>
    </div>
  </div>
</div>
`;
