// Jest Snapshot v1, https://goo.gl/fbAQLP

exports[`MoreButton matches snapshot if films.length < totalResults 1`] = `
ReactTestInstance {
  "_fiber": FiberNode {
    "_debugHookTypes": null,
    "_debugID": 9,
    "_debugIsCurrentlyTiming": false,
    "_debugNeedsRemount": false,
    "_debugOwner": null,
    "_debugSource": Object {
      "columnNumber": 3,
      "fileName": "/Users/lawrencesiden/projects/omdb-film-browser-web/src/components/__tests__/more-button.spec.jsx",
      "lineNumber": 7,
    },
    "actualDuration": 0,
    "actualStartTime": -1,
    "alternate": null,
    "child": FiberNode {
      "_debugHookTypes": null,
      "_debugID": 10,
      "_debugIsCurrentlyTiming": false,
      "_debugNeedsRemount": false,
      "_debugOwner": [Circular],
      "_debugSource": Object {
        "columnNumber": 5,
        "fileName": "/Users/lawrencesiden/projects/omdb-film-browser-web/src/components/more-button.jsx",
        "lineNumber": 17,
      },
      "actualDuration": 0,
      "actualStartTime": -1,
      "alternate": null,
      "child": FiberNode {
        "_debugHookTypes": null,
        "_debugID": 11,
        "_debugIsCurrentlyTiming": false,
        "_debugNeedsRemount": false,
        "_debugOwner": [Circular],
        "_debugSource": Object {
          "columnNumber": 3,
          "fileName": "/Users/lawrencesiden/projects/omdb-film-browser-web/src/components/nav-button.jsx",
          "lineNumber": 5,
        },
        "actualDuration": 0,
        "actualStartTime": -1,
        "alternate": null,
        "child": FiberNode {
          "_debugHookTypes": null,
          "_debugID": 12,
          "_debugIsCurrentlyTiming": false,
          "_debugNeedsRemount": false,
          "_debugOwner": null,
          "_debugSource": null,
          "actualDuration": 0,
          "actualStartTime": -1,
          "alternate": null,
          "child": null,
          "childExpirationTime": 0,
          "dependencies": null,
          "effectTag": 0,
          "elementType": null,
          "expirationTime": 0,
          "firstEffect": null,
          "index": 0,
          "key": null,
          "lastEffect": null,
          "memoizedProps": "More",
          "memoizedState": null,
          "mode": 0,
          "nextEffect": null,
          "pendingProps": "More",
          "ref": null,
          "return": [Circular],
          "selfBaseDuration": 0,
          "sibling": null,
          "stateNode": Object {
            "isHidden": false,
            "tag": "TEXT",
            "text": "More",
          },
          "tag": 6,
          "treeBaseDuration": 0,
          "type": null,
          "updateQueue": null,
        },
        "childExpirationTime": 0,
        "dependencies": null,
        "effectTag": 0,
        "elementType": "button",
        "expirationTime": 0,
        "firstEffect": null,
        "index": 0,
        "key": null,
        "lastEffect": null,
        "memoizedProps": Object {
          "children": "More",
          "className": "btn btn-link",
          "onClick": [Function],
          "style": Object {
            "color": "darkgrey",
            "fontSize": 20,
            "marginBottom": 20,
          },
          "title": "More",
          "type": "button",
        },
        "memoizedState": null,
        "mode": 0,
        "nextEffect": null,
        "pendingProps": Object {
          "children": "More",
          "className": "btn btn-link",
          "onClick": [Function],
          "style": Object {
            "color": "darkgrey",
            "fontSize": 20,
            "marginBottom": 20,
          },
          "title": "More",
          "type": "button",
        },
        "ref": null,
        "return": [Circular],
        "selfBaseDuration": 0,
        "sibling": null,
        "stateNode": Object {
          "children": Array [
            Object {
              "isHidden": false,
              "tag": "TEXT",
              "text": "More",
            },
          ],
          "internalInstanceHandle": [Circular],
          "isHidden": false,
          "props": Object {
            "children": "More",
            "className": "btn btn-link",
            "onClick": [Function],
            "style": Object {
              "color": "darkgrey",
              "fontSize": 20,
              "marginBottom": 20,
            },
            "title": "More",
            "type": "button",
          },
          "rootContainerInstance": Object {
            "children": Array [
              [Circular],
            ],
            "createNodeMock": [Function],
            "tag": "CONTAINER",
          },
          "tag": "INSTANCE",
          "type": "button",
        },
        "tag": 5,
        "treeBaseDuration": 0,
        "type": "button",
        "updateQueue": null,
      },
      "childExpirationTime": 0,
      "dependencies": null,
      "effectTag": 1,
      "elementType": [Function],
      "expirationTime": 0,
      "firstEffect": null,
      "index": 0,
      "key": null,
      "lastEffect": null,
      "memoizedProps": Object {
        "children": "More",
        "onClick": [Function],
        "style": Object {
          "color": "darkgrey",
          "fontSize": 20,
          "marginBottom": 20,
        },
        "title": "More",
      },
      "memoizedState": null,
      "mode": 0,
      "nextEffect": null,
      "pendingProps": Object {
        "children": "More",
        "onClick": [Function],
        "style": Object {
          "color": "darkgrey",
          "fontSize": 20,
          "marginBottom": 20,
        },
        "title": "More",
      },
      "ref": null,
      "return": [Circular],
      "selfBaseDuration": 0,
      "sibling": null,
      "stateNode": null,
      "tag": 0,
      "treeBaseDuration": 0,
      "type": [Function],
      "updateQueue": null,
    },
    "childExpirationTime": 0,
    "dependencies": null,
    "effectTag": 1,
    "elementType": [Function],
    "expirationTime": 0,
    "firstEffect": null,
    "index": 0,
    "key": null,
    "lastEffect": null,
    "memoizedProps": Object {
      "dispatchPageFetch": [Function],
      "films": Array [
        undefined,
        undefined,
        undefined,
      ],
      "totalResults": 4,
    },
    "memoizedState": null,
    "mode": 0,
    "nextEffect": null,
    "pendingProps": Object {
      "dispatchPageFetch": [Function],
      "films": Array [
        undefined,
        undefined,
        undefined,
      ],
      "totalResults": 4,
    },
    "ref": null,
    "return": FiberNode {
      "_debugHookTypes": null,
      "_debugID": 7,
      "_debugIsCurrentlyTiming": false,
      "_debugNeedsRemount": false,
      "_debugOwner": null,
      "_debugSource": null,
      "actualDuration": 0,
      "actualStartTime": -1,
      "alternate": FiberNode {
        "_debugHookTypes": null,
        "_debugID": 7,
        "_debugIsCurrentlyTiming": false,
        "_debugNeedsRemount": false,
        "_debugOwner": null,
        "_debugSource": null,
        "actualDuration": 0,
        "actualStartTime": -1,
        "alternate": [Circular],
        "child": null,
        "childExpirationTime": 0,
        "dependencies": null,
        "effectTag": 0,
        "elementType": null,
        "expirationTime": 1073741823,
        "firstEffect": null,
        "index": 0,
        "key": null,
        "lastEffect": null,
        "memoizedProps": null,
        "memoizedState": null,
        "mode": 0,
        "nextEffect": null,
        "pendingProps": null,
        "ref": null,
        "return": null,
        "selfBaseDuration": 0,
        "sibling": null,
        "stateNode": FiberRootNode {
          "callbackExpirationTime": 0,
          "callbackNode": null,
          "callbackPriority": 90,
          "containerInfo": Object {
            "children": Array [
              Object {
                "children": Array [
                  Object {
                    "isHidden": false,
                    "tag": "TEXT",
                    "text": "More",
                  },
                ],
                "internalInstanceHandle": FiberNode {
                  "_debugHookTypes": null,
                  "_debugID": 11,
                  "_debugIsCurrentlyTiming": false,
                  "_debugNeedsRemount": false,
                  "_debugOwner": FiberNode {
                    "_debugHookTypes": null,
                    "_debugID": 10,
                    "_debugIsCurrentlyTiming": false,
                    "_debugNeedsRemount": false,
                    "_debugOwner": [Circular],
                    "_debugSource": Object {
                      "columnNumber": 5,
                      "fileName": "/Users/lawrencesiden/projects/omdb-film-browser-web/src/components/more-button.jsx",
                      "lineNumber": 17,
                    },
                    "actualDuration": 0,
                    "actualStartTime": -1,
                    "alternate": null,
                    "child": [Circular],
                    "childExpirationTime": 0,
                    "dependencies": null,
                    "effectTag": 1,
                    "elementType": [Function],
                    "expirationTime": 0,
                    "firstEffect": null,
                    "index": 0,
                    "key": null,
                    "lastEffect": null,
                    "memoizedProps": Object {
                      "children": "More",
                      "onClick": [Function],
                      "style": Object {
                        "color": "darkgrey",
                        "fontSize": 20,
                        "marginBottom": 20,
                      },
                      "title": "More",
                    },
                    "memoizedState": null,
                    "mode": 0,
                    "nextEffect": null,
                    "pendingProps": Object {
                      "children": "More",
                      "onClick": [Function],
                      "style": Object {
                        "color": "darkgrey",
                        "fontSize": 20,
                        "marginBottom": 20,
                      },
                      "title": "More",
                    },
                    "ref": null,
                    "return": [Circular],
                    "selfBaseDuration": 0,
                    "sibling": null,
                    "stateNode": null,
                    "tag": 0,
                    "treeBaseDuration": 0,
                    "type": [Function],
                    "updateQueue": null,
                  },
                  "_debugSource": Object {
                    "columnNumber": 3,
                    "fileName": "/Users/lawrencesiden/projects/omdb-film-browser-web/src/components/nav-button.jsx",
                    "lineNumber": 5,
                  },
                  "actualDuration": 0,
                  "actualStartTime": -1,
                  "alternate": null,
                  "child": FiberNode {
                    "_debugHookTypes": null,
                    "_debugID": 12,
                    "_debugIsCurrentlyTiming": false,
                    "_debugNeedsRemount": false,
                    "_debugOwner": null,
                    "_debugSource": null,
                    "actualDuration": 0,
                    "actualStartTime": -1,
                    "alternate": null,
                    "child": null,
                    "childExpirationTime": 0,
                    "dependencies": null,
                    "effectTag": 0,
                    "elementType": null,
                    "expirationTime": 0,
                    "firstEffect": null,
                    "index": 0,
                    "key": null,
                    "lastEffect": null,
                    "memoizedProps": "More",
                    "memoizedState": null,
                    "mode": 0,
                    "nextEffect": null,
                    "pendingProps": "More",
                    "ref": null,
                    "return": [Circular],
                    "selfBaseDuration": 0,
                    "sibling": null,
                    "stateNode": Object {
                      "isHidden": false,
                      "tag": "TEXT",
                      "text": "More",
                    },
                    "tag": 6,
                    "treeBaseDuration": 0,
                    "type": null,
                    "updateQueue": null,
                  },
                  "childExpirationTime": 0,
                  "dependencies": null,
                  "effectTag": 0,
                  "elementType": "button",
                  "expirationTime": 0,
                  "firstEffect": null,
                  "index": 0,
                  "key": null,
                  "lastEffect": null,
                  "memoizedProps": Object {
                    "children": "More",
                    "className": "btn btn-link",
                    "onClick": [Function],
                    "style": Object {
                      "color": "darkgrey",
                      "fontSize": 20,
                      "marginBottom": 20,
                    },
                    "title": "More",
                    "type": "button",
                  },
                  "memoizedState": null,
                  "mode": 0,
                  "nextEffect": null,
                  "pendingProps": Object {
                    "children": "More",
                    "className": "btn btn-link",
                    "onClick": [Function],
                    "style": Object {
                      "color": "darkgrey",
                      "fontSize": 20,
                      "marginBottom": 20,
                    },
                    "title": "More",
                    "type": "button",
                  },
                  "ref": null,
                  "return": FiberNode {
                    "_debugHookTypes": null,
                    "_debugID": 10,
                    "_debugIsCurrentlyTiming": false,
                    "_debugNeedsRemount": false,
                    "_debugOwner": [Circular],
                    "_debugSource": Object {
                      "columnNumber": 5,
                      "fileName": "/Users/lawrencesiden/projects/omdb-film-browser-web/src/components/more-button.jsx",
                      "lineNumber": 17,
                    },
                    "actualDuration": 0,
                    "actualStartTime": -1,
                    "alternate": null,
                    "child": [Circular],
                    "childExpirationTime": 0,
                    "dependencies": null,
                    "effectTag": 1,
                    "elementType": [Function],
                    "expirationTime": 0,
                    "firstEffect": null,
                    "index": 0,
                    "key": null,
                    "lastEffect": null,
                    "memoizedProps": Object {
                      "children": "More",
                      "onClick": [Function],
                      "style": Object {
                        "color": "darkgrey",
                        "fontSize": 20,
                        "marginBottom": 20,
                      },
                      "title": "More",
                    },
                    "memoizedState": null,
                    "mode": 0,
                    "nextEffect": null,
                    "pendingProps": Object {
                      "children": "More",
                      "onClick": [Function],
                      "style": Object {
                        "color": "darkgrey",
                        "fontSize": 20,
                        "marginBottom": 20,
                      },
                      "title": "More",
                    },
                    "ref": null,
                    "return": [Circular],
                    "selfBaseDuration": 0,
                    "sibling": null,
                    "stateNode": null,
                    "tag": 0,
                    "treeBaseDuration": 0,
                    "type": [Function],
                    "updateQueue": null,
                  },
                  "selfBaseDuration": 0,
                  "sibling": null,
                  "stateNode": [Circular],
                  "tag": 5,
                  "treeBaseDuration": 0,
                  "type": "button",
                  "updateQueue": null,
                },
                "isHidden": false,
                "props": Object {
                  "children": "More",
                  "className": "btn btn-link",
                  "onClick": [Function],
                  "style": Object {
                    "color": "darkgrey",
                    "fontSize": 20,
                    "marginBottom": 20,
                  },
                  "title": "More",
                  "type": "button",
                },
                "rootContainerInstance": [Circular],
                "tag": "INSTANCE",
                "type": "button",
              },
            ],
            "createNodeMock": [Function],
            "tag": "CONTAINER",
          },
          "context": Object {},
          "current": [Circular],
          "finishedExpirationTime": 0,
          "finishedWork": null,
          "firstPendingTime": 0,
          "firstSuspendedTime": 0,
          "hydrate": false,
          "interactionThreadID": 3,
          "lastExpiredTime": 0,
          "lastPingedTime": 0,
          "lastSuspendedTime": 0,
          "memoizedInteractions": Set {},
          "nextKnownPendingLevel": 0,
          "pendingChildren": null,
          "pendingContext": null,
          "pendingInteractionMap": Map {},
          "pingCache": null,
          "tag": 0,
          "timeoutHandle": -1,
        },
        "tag": 3,
        "treeBaseDuration": 0,
        "type": null,
        "updateQueue": Object {
          "baseQueue": Object {
            "callback": null,
            "expirationTime": 1073741823,
            "next": [Circular],
            "payload": Object {
              "element": <_MoreButton
                dispatchPageFetch={[Function]}
                films={
                  Array [
                    undefined,
                    undefined,
                    undefined,
                  ]
                }
                totalResults={4}
              />,
            },
            "priority": 97,
            "suspenseConfig": null,
            "tag": 0,
          },
          "baseState": null,
          "effects": null,
          "shared": Object {
            "pending": null,
          },
        },
      },
      "child": [Circular],
      "childExpirationTime": 0,
      "dependencies": null,
      "effectTag": 0,
      "elementType": null,
      "expirationTime": 0,
      "firstEffect": [Circular],
      "index": 0,
      "key": null,
      "lastEffect": [Circular],
      "memoizedProps": null,
      "memoizedState": Object {
        "element": <_MoreButton
          dispatchPageFetch={[Function]}
          films={
            Array [
              undefined,
              undefined,
              undefined,
            ]
          }
          totalResults={4}
        />,
      },
      "mode": 0,
      "nextEffect": null,
      "pendingProps": null,
      "ref": null,
      "return": null,
      "selfBaseDuration": 0,
      "sibling": null,
      "stateNode": FiberRootNode {
        "callbackExpirationTime": 0,
        "callbackNode": null,
        "callbackPriority": 90,
        "containerInfo": Object {
          "children": Array [
            Object {
              "children": Array [
                Object {
                  "isHidden": false,
                  "tag": "TEXT",
                  "text": "More",
                },
              ],
              "internalInstanceHandle": FiberNode {
                "_debugHookTypes": null,
                "_debugID": 11,
                "_debugIsCurrentlyTiming": false,
                "_debugNeedsRemount": false,
                "_debugOwner": FiberNode {
                  "_debugHookTypes": null,
                  "_debugID": 10,
                  "_debugIsCurrentlyTiming": false,
                  "_debugNeedsRemount": false,
                  "_debugOwner": [Circular],
                  "_debugSource": Object {
                    "columnNumber": 5,
                    "fileName": "/Users/lawrencesiden/projects/omdb-film-browser-web/src/components/more-button.jsx",
                    "lineNumber": 17,
                  },
                  "actualDuration": 0,
                  "actualStartTime": -1,
                  "alternate": null,
                  "child": [Circular],
                  "childExpirationTime": 0,
                  "dependencies": null,
                  "effectTag": 1,
                  "elementType": [Function],
                  "expirationTime": 0,
                  "firstEffect": null,
                  "index": 0,
                  "key": null,
                  "lastEffect": null,
                  "memoizedProps": Object {
                    "children": "More",
                    "onClick": [Function],
                    "style": Object {
                      "color": "darkgrey",
                      "fontSize": 20,
                      "marginBottom": 20,
                    },
                    "title": "More",
                  },
                  "memoizedState": null,
                  "mode": 0,
                  "nextEffect": null,
                  "pendingProps": Object {
                    "children": "More",
                    "onClick": [Function],
                    "style": Object {
                      "color": "darkgrey",
                      "fontSize": 20,
                      "marginBottom": 20,
                    },
                    "title": "More",
                  },
                  "ref": null,
                  "return": [Circular],
                  "selfBaseDuration": 0,
                  "sibling": null,
                  "stateNode": null,
                  "tag": 0,
                  "treeBaseDuration": 0,
                  "type": [Function],
                  "updateQueue": null,
                },
                "_debugSource": Object {
                  "columnNumber": 3,
                  "fileName": "/Users/lawrencesiden/projects/omdb-film-browser-web/src/components/nav-button.jsx",
                  "lineNumber": 5,
                },
                "actualDuration": 0,
                "actualStartTime": -1,
                "alternate": null,
                "child": FiberNode {
                  "_debugHookTypes": null,
                  "_debugID": 12,
                  "_debugIsCurrentlyTiming": false,
                  "_debugNeedsRemount": false,
                  "_debugOwner": null,
                  "_debugSource": null,
                  "actualDuration": 0,
                  "actualStartTime": -1,
                  "alternate": null,
                  "child": null,
                  "childExpirationTime": 0,
                  "dependencies": null,
                  "effectTag": 0,
                  "elementType": null,
                  "expirationTime": 0,
                  "firstEffect": null,
                  "index": 0,
                  "key": null,
                  "lastEffect": null,
                  "memoizedProps": "More",
                  "memoizedState": null,
                  "mode": 0,
                  "nextEffect": null,
                  "pendingProps": "More",
                  "ref": null,
                  "return": [Circular],
                  "selfBaseDuration": 0,
                  "sibling": null,
                  "stateNode": Object {
                    "isHidden": false,
                    "tag": "TEXT",
                    "text": "More",
                  },
                  "tag": 6,
                  "treeBaseDuration": 0,
                  "type": null,
                  "updateQueue": null,
                },
                "childExpirationTime": 0,
                "dependencies": null,
                "effectTag": 0,
                "elementType": "button",
                "expirationTime": 0,
                "firstEffect": null,
                "index": 0,
                "key": null,
                "lastEffect": null,
                "memoizedProps": Object {
                  "children": "More",
                  "className": "btn btn-link",
                  "onClick": [Function],
                  "style": Object {
                    "color": "darkgrey",
                    "fontSize": 20,
                    "marginBottom": 20,
                  },
                  "title": "More",
                  "type": "button",
                },
                "memoizedState": null,
                "mode": 0,
                "nextEffect": null,
                "pendingProps": Object {
                  "children": "More",
                  "className": "btn btn-link",
                  "onClick": [Function],
                  "style": Object {
                    "color": "darkgrey",
                    "fontSize": 20,
                    "marginBottom": 20,
                  },
                  "title": "More",
                  "type": "button",
                },
                "ref": null,
                "return": FiberNode {
                  "_debugHookTypes": null,
                  "_debugID": 10,
                  "_debugIsCurrentlyTiming": false,
                  "_debugNeedsRemount": false,
                  "_debugOwner": [Circular],
                  "_debugSource": Object {
                    "columnNumber": 5,
                    "fileName": "/Users/lawrencesiden/projects/omdb-film-browser-web/src/components/more-button.jsx",
                    "lineNumber": 17,
                  },
                  "actualDuration": 0,
                  "actualStartTime": -1,
                  "alternate": null,
                  "child": [Circular],
                  "childExpirationTime": 0,
                  "dependencies": null,
                  "effectTag": 1,
                  "elementType": [Function],
                  "expirationTime": 0,
                  "firstEffect": null,
                  "index": 0,
                  "key": null,
                  "lastEffect": null,
                  "memoizedProps": Object {
                    "children": "More",
                    "onClick": [Function],
                    "style": Object {
                      "color": "darkgrey",
                      "fontSize": 20,
                      "marginBottom": 20,
                    },
                    "title": "More",
                  },
                  "memoizedState": null,
                  "mode": 0,
                  "nextEffect": null,
                  "pendingProps": Object {
                    "children": "More",
                    "onClick": [Function],
                    "style": Object {
                      "color": "darkgrey",
                      "fontSize": 20,
                      "marginBottom": 20,
                    },
                    "title": "More",
                  },
                  "ref": null,
                  "return": [Circular],
                  "selfBaseDuration": 0,
                  "sibling": null,
                  "stateNode": null,
                  "tag": 0,
                  "treeBaseDuration": 0,
                  "type": [Function],
                  "updateQueue": null,
                },
                "selfBaseDuration": 0,
                "sibling": null,
                "stateNode": [Circular],
                "tag": 5,
                "treeBaseDuration": 0,
                "type": "button",
                "updateQueue": null,
              },
              "isHidden": false,
              "props": Object {
                "children": "More",
                "className": "btn btn-link",
                "onClick": [Function],
                "style": Object {
                  "color": "darkgrey",
                  "fontSize": 20,
                  "marginBottom": 20,
                },
                "title": "More",
                "type": "button",
              },
              "rootContainerInstance": [Circular],
              "tag": "INSTANCE",
              "type": "button",
            },
          ],
          "createNodeMock": [Function],
          "tag": "CONTAINER",
        },
        "context": Object {},
        "current": [Circular],
        "finishedExpirationTime": 0,
        "finishedWork": null,
        "firstPendingTime": 0,
        "firstSuspendedTime": 0,
        "hydrate": false,
        "interactionThreadID": 3,
        "lastExpiredTime": 0,
        "lastPingedTime": 0,
        "lastSuspendedTime": 0,
        "memoizedInteractions": Set {},
        "nextKnownPendingLevel": 0,
        "pendingChildren": null,
        "pendingContext": null,
        "pendingInteractionMap": Map {},
        "pingCache": null,
        "tag": 0,
        "timeoutHandle": -1,
      },
      "tag": 3,
      "treeBaseDuration": 0,
      "type": null,
      "updateQueue": Object {
        "baseQueue": null,
        "baseState": Object {
          "element": <_MoreButton
            dispatchPageFetch={[Function]}
            films={
              Array [
                undefined,
                undefined,
                undefined,
              ]
            }
            totalResults={4}
          />,
        },
        "effects": null,
        "shared": Object {
          "pending": null,
        },
      },
    },
    "selfBaseDuration": 0,
    "sibling": null,
    "stateNode": null,
    "tag": 0,
    "treeBaseDuration": 0,
    "type": [Function],
    "updateQueue": null,
  },
}
`;
