// Jest Snapshot v1, https://goo.gl/fbAQLP

exports[`SearchInput SearchInput 1`] = `
<div
  style={
    Object {
      "position": "relative",
      "width": "100%",
    }
  }
>
  <span
    charSet="utf-8"
    dangerouslySetInnerHTML={
      Object {
        "__html": "⚲",
      }
    }
    style={
      Object {
        "color": "#888",
        "fontSize": "20pt",
        "left": "6pt",
        "position": "absolute",
        "top": "-4pt",
        "transform": "rotate(-45deg)",
      }
    }
  />
  <input
    onChange={[Function]}
    placeholder="placeholder"
    style={
      Object {
        "color": "black",
        "fontSize": "12pt",
        "height": "24pt",
        "textIndent": "24pt",
        "width": "100%",
      }
    }
    type="search"
    value="value"
  />
  <span
    aria-label="Cancel"
    charSet="utf-8"
    className="hover-pointer"
    dangerouslySetInnerHTML={
      Object {
        "__html": "❌",
      }
    }
    onClick={[Function]}
    onKeyPress={[Function]}
    role="button"
    style={
      Object {
        "color": "#888",
        "fontSize": "8pt",
        "position": "absolute",
        "right": 6,
        "top": 6,
      }
    }
    tabIndex={0}
  />
</div>
`;
