// Jest Snapshot v1, https://goo.gl/fbAQLP

exports[`SearchStats matches snapshot 1`] = `
ReactTestInstance {
  "_fiber": FiberNode {
    "_debugHookTypes": null,
    "_debugID": 3,
    "_debugIsCurrentlyTiming": false,
    "_debugNeedsRemount": false,
    "_debugOwner": null,
    "_debugSource": Object {
      "columnNumber": 3,
      "fileName": "/Users/lawrencesiden/projects/omdb-film-browser-web/src/components/__tests__/search-stats.spec.jsx",
      "lineNumber": 7,
    },
    "actualDuration": 0,
    "actualStartTime": -1,
    "alternate": null,
    "child": FiberNode {
      "_debugHookTypes": null,
      "_debugID": 4,
      "_debugIsCurrentlyTiming": false,
      "_debugNeedsRemount": false,
      "_debugOwner": [Circular],
      "_debugSource": Object {
        "columnNumber": 3,
        "fileName": "/Users/lawrencesiden/projects/omdb-film-browser-web/src/components/search-stats.jsx",
        "lineNumber": 8,
      },
      "actualDuration": 0,
      "actualStartTime": -1,
      "alternate": null,
      "child": FiberNode {
        "_debugHookTypes": null,
        "_debugID": 5,
        "_debugIsCurrentlyTiming": false,
        "_debugNeedsRemount": false,
        "_debugOwner": null,
        "_debugSource": null,
        "actualDuration": 0,
        "actualStartTime": -1,
        "alternate": null,
        "child": null,
        "childExpirationTime": 0,
        "dependencies": null,
        "effectTag": 0,
        "elementType": null,
        "expirationTime": 0,
        "firstEffect": null,
        "index": 0,
        "key": null,
        "lastEffect": null,
        "memoizedProps": "Fetched ",
        "memoizedState": null,
        "mode": 0,
        "nextEffect": null,
        "pendingProps": "Fetched ",
        "ref": null,
        "return": [Circular],
        "selfBaseDuration": 0,
        "sibling": FiberNode {
          "_debugHookTypes": null,
          "_debugID": 6,
          "_debugIsCurrentlyTiming": false,
          "_debugNeedsRemount": false,
          "_debugOwner": null,
          "_debugSource": null,
          "actualDuration": 0,
          "actualStartTime": -1,
          "alternate": null,
          "child": null,
          "childExpirationTime": 0,
          "dependencies": null,
          "effectTag": 0,
          "elementType": null,
          "expirationTime": 0,
          "firstEffect": null,
          "index": 1,
          "key": null,
          "lastEffect": null,
          "memoizedProps": "5",
          "memoizedState": null,
          "mode": 0,
          "nextEffect": null,
          "pendingProps": "5",
          "ref": null,
          "return": [Circular],
          "selfBaseDuration": 0,
          "sibling": FiberNode {
            "_debugHookTypes": null,
            "_debugID": 7,
            "_debugIsCurrentlyTiming": false,
            "_debugNeedsRemount": false,
            "_debugOwner": null,
            "_debugSource": null,
            "actualDuration": 0,
            "actualStartTime": -1,
            "alternate": null,
            "child": null,
            "childExpirationTime": 0,
            "dependencies": null,
            "effectTag": 0,
            "elementType": null,
            "expirationTime": 0,
            "firstEffect": null,
            "index": 2,
            "key": null,
            "lastEffect": null,
            "memoizedProps": " of ",
            "memoizedState": null,
            "mode": 0,
            "nextEffect": null,
            "pendingProps": " of ",
            "ref": null,
            "return": [Circular],
            "selfBaseDuration": 0,
            "sibling": FiberNode {
              "_debugHookTypes": null,
              "_debugID": 8,
              "_debugIsCurrentlyTiming": false,
              "_debugNeedsRemount": false,
              "_debugOwner": null,
              "_debugSource": null,
              "actualDuration": 0,
              "actualStartTime": -1,
              "alternate": null,
              "child": null,
              "childExpirationTime": 0,
              "dependencies": null,
              "effectTag": 0,
              "elementType": null,
              "expirationTime": 0,
              "firstEffect": null,
              "index": 3,
              "key": null,
              "lastEffect": null,
              "memoizedProps": "10",
              "memoizedState": null,
              "mode": 0,
              "nextEffect": null,
              "pendingProps": "10",
              "ref": null,
              "return": [Circular],
              "selfBaseDuration": 0,
              "sibling": null,
              "stateNode": Object {
                "isHidden": false,
                "tag": "TEXT",
                "text": "10",
              },
              "tag": 6,
              "treeBaseDuration": 0,
              "type": null,
              "updateQueue": null,
            },
            "stateNode": Object {
              "isHidden": false,
              "tag": "TEXT",
              "text": " of ",
            },
            "tag": 6,
            "treeBaseDuration": 0,
            "type": null,
            "updateQueue": null,
          },
          "stateNode": Object {
            "isHidden": false,
            "tag": "TEXT",
            "text": "5",
          },
          "tag": 6,
          "treeBaseDuration": 0,
          "type": null,
          "updateQueue": null,
        },
        "stateNode": Object {
          "isHidden": false,
          "tag": "TEXT",
          "text": "Fetched ",
        },
        "tag": 6,
        "treeBaseDuration": 0,
        "type": null,
        "updateQueue": null,
      },
      "childExpirationTime": 0,
      "dependencies": null,
      "effectTag": 0,
      "elementType": "div",
      "expirationTime": 0,
      "firstEffect": null,
      "index": 0,
      "key": null,
      "lastEffect": null,
      "memoizedProps": Object {
        "children": Array [
          "Fetched ",
          5,
          " of ",
          10,
        ],
        "style": Object {},
      },
      "memoizedState": null,
      "mode": 0,
      "nextEffect": null,
      "pendingProps": Object {
        "children": Array [
          "Fetched ",
          5,
          " of ",
          10,
        ],
        "style": Object {},
      },
      "ref": null,
      "return": [Circular],
      "selfBaseDuration": 0,
      "sibling": null,
      "stateNode": Object {
        "children": Array [
          Object {
            "isHidden": false,
            "tag": "TEXT",
            "text": "Fetched ",
          },
          Object {
            "isHidden": false,
            "tag": "TEXT",
            "text": "5",
          },
          Object {
            "isHidden": false,
            "tag": "TEXT",
            "text": " of ",
          },
          Object {
            "isHidden": false,
            "tag": "TEXT",
            "text": "10",
          },
        ],
        "internalInstanceHandle": [Circular],
        "isHidden": false,
        "props": Object {
          "children": Array [
            "Fetched ",
            5,
            " of ",
            10,
          ],
          "style": Object {},
        },
        "rootContainerInstance": Object {
          "children": Array [
            [Circular],
          ],
          "createNodeMock": [Function],
          "tag": "CONTAINER",
        },
        "tag": "INSTANCE",
        "type": "div",
      },
      "tag": 5,
      "treeBaseDuration": 0,
      "type": "div",
      "updateQueue": null,
    },
    "childExpirationTime": 0,
    "dependencies": null,
    "effectTag": 1,
    "elementType": [Function],
    "expirationTime": 0,
    "firstEffect": null,
    "index": 0,
    "key": null,
    "lastEffect": null,
    "memoizedProps": Object {
      "numFetched": 5,
      "numFound": 10,
      "style": Object {},
    },
    "memoizedState": null,
    "mode": 0,
    "nextEffect": null,
    "pendingProps": Object {
      "numFetched": 5,
      "numFound": 10,
      "style": Object {},
    },
    "ref": null,
    "return": FiberNode {
      "_debugHookTypes": null,
      "_debugID": 1,
      "_debugIsCurrentlyTiming": false,
      "_debugNeedsRemount": false,
      "_debugOwner": null,
      "_debugSource": null,
      "actualDuration": 0,
      "actualStartTime": -1,
      "alternate": FiberNode {
        "_debugHookTypes": null,
        "_debugID": 1,
        "_debugIsCurrentlyTiming": false,
        "_debugNeedsRemount": false,
        "_debugOwner": null,
        "_debugSource": null,
        "actualDuration": 0,
        "actualStartTime": -1,
        "alternate": [Circular],
        "child": null,
        "childExpirationTime": 0,
        "dependencies": null,
        "effectTag": 0,
        "elementType": null,
        "expirationTime": 1073741823,
        "firstEffect": null,
        "index": 0,
        "key": null,
        "lastEffect": null,
        "memoizedProps": null,
        "memoizedState": null,
        "mode": 0,
        "nextEffect": null,
        "pendingProps": null,
        "ref": null,
        "return": null,
        "selfBaseDuration": 0,
        "sibling": null,
        "stateNode": FiberRootNode {
          "callbackExpirationTime": 0,
          "callbackNode": null,
          "callbackPriority": 90,
          "containerInfo": Object {
            "children": Array [
              Object {
                "children": Array [
                  Object {
                    "isHidden": false,
                    "tag": "TEXT",
                    "text": "Fetched ",
                  },
                  Object {
                    "isHidden": false,
                    "tag": "TEXT",
                    "text": "5",
                  },
                  Object {
                    "isHidden": false,
                    "tag": "TEXT",
                    "text": " of ",
                  },
                  Object {
                    "isHidden": false,
                    "tag": "TEXT",
                    "text": "10",
                  },
                ],
                "internalInstanceHandle": FiberNode {
                  "_debugHookTypes": null,
                  "_debugID": 4,
                  "_debugIsCurrentlyTiming": false,
                  "_debugNeedsRemount": false,
                  "_debugOwner": [Circular],
                  "_debugSource": Object {
                    "columnNumber": 3,
                    "fileName": "/Users/lawrencesiden/projects/omdb-film-browser-web/src/components/search-stats.jsx",
                    "lineNumber": 8,
                  },
                  "actualDuration": 0,
                  "actualStartTime": -1,
                  "alternate": null,
                  "child": FiberNode {
                    "_debugHookTypes": null,
                    "_debugID": 5,
                    "_debugIsCurrentlyTiming": false,
                    "_debugNeedsRemount": false,
                    "_debugOwner": null,
                    "_debugSource": null,
                    "actualDuration": 0,
                    "actualStartTime": -1,
                    "alternate": null,
                    "child": null,
                    "childExpirationTime": 0,
                    "dependencies": null,
                    "effectTag": 0,
                    "elementType": null,
                    "expirationTime": 0,
                    "firstEffect": null,
                    "index": 0,
                    "key": null,
                    "lastEffect": null,
                    "memoizedProps": "Fetched ",
                    "memoizedState": null,
                    "mode": 0,
                    "nextEffect": null,
                    "pendingProps": "Fetched ",
                    "ref": null,
                    "return": [Circular],
                    "selfBaseDuration": 0,
                    "sibling": FiberNode {
                      "_debugHookTypes": null,
                      "_debugID": 6,
                      "_debugIsCurrentlyTiming": false,
                      "_debugNeedsRemount": false,
                      "_debugOwner": null,
                      "_debugSource": null,
                      "actualDuration": 0,
                      "actualStartTime": -1,
                      "alternate": null,
                      "child": null,
                      "childExpirationTime": 0,
                      "dependencies": null,
                      "effectTag": 0,
                      "elementType": null,
                      "expirationTime": 0,
                      "firstEffect": null,
                      "index": 1,
                      "key": null,
                      "lastEffect": null,
                      "memoizedProps": "5",
                      "memoizedState": null,
                      "mode": 0,
                      "nextEffect": null,
                      "pendingProps": "5",
                      "ref": null,
                      "return": [Circular],
                      "selfBaseDuration": 0,
                      "sibling": FiberNode {
                        "_debugHookTypes": null,
                        "_debugID": 7,
                        "_debugIsCurrentlyTiming": false,
                        "_debugNeedsRemount": false,
                        "_debugOwner": null,
                        "_debugSource": null,
                        "actualDuration": 0,
                        "actualStartTime": -1,
                        "alternate": null,
                        "child": null,
                        "childExpirationTime": 0,
                        "dependencies": null,
                        "effectTag": 0,
                        "elementType": null,
                        "expirationTime": 0,
                        "firstEffect": null,
                        "index": 2,
                        "key": null,
                        "lastEffect": null,
                        "memoizedProps": " of ",
                        "memoizedState": null,
                        "mode": 0,
                        "nextEffect": null,
                        "pendingProps": " of ",
                        "ref": null,
                        "return": [Circular],
                        "selfBaseDuration": 0,
                        "sibling": FiberNode {
                          "_debugHookTypes": null,
                          "_debugID": 8,
                          "_debugIsCurrentlyTiming": false,
                          "_debugNeedsRemount": false,
                          "_debugOwner": null,
                          "_debugSource": null,
                          "actualDuration": 0,
                          "actualStartTime": -1,
                          "alternate": null,
                          "child": null,
                          "childExpirationTime": 0,
                          "dependencies": null,
                          "effectTag": 0,
                          "elementType": null,
                          "expirationTime": 0,
                          "firstEffect": null,
                          "index": 3,
                          "key": null,
                          "lastEffect": null,
                          "memoizedProps": "10",
                          "memoizedState": null,
                          "mode": 0,
                          "nextEffect": null,
                          "pendingProps": "10",
                          "ref": null,
                          "return": [Circular],
                          "selfBaseDuration": 0,
                          "sibling": null,
                          "stateNode": Object {
                            "isHidden": false,
                            "tag": "TEXT",
                            "text": "10",
                          },
                          "tag": 6,
                          "treeBaseDuration": 0,
                          "type": null,
                          "updateQueue": null,
                        },
                        "stateNode": Object {
                          "isHidden": false,
                          "tag": "TEXT",
                          "text": " of ",
                        },
                        "tag": 6,
                        "treeBaseDuration": 0,
                        "type": null,
                        "updateQueue": null,
                      },
                      "stateNode": Object {
                        "isHidden": false,
                        "tag": "TEXT",
                        "text": "5",
                      },
                      "tag": 6,
                      "treeBaseDuration": 0,
                      "type": null,
                      "updateQueue": null,
                    },
                    "stateNode": Object {
                      "isHidden": false,
                      "tag": "TEXT",
                      "text": "Fetched ",
                    },
                    "tag": 6,
                    "treeBaseDuration": 0,
                    "type": null,
                    "updateQueue": null,
                  },
                  "childExpirationTime": 0,
                  "dependencies": null,
                  "effectTag": 0,
                  "elementType": "div",
                  "expirationTime": 0,
                  "firstEffect": null,
                  "index": 0,
                  "key": null,
                  "lastEffect": null,
                  "memoizedProps": Object {
                    "children": Array [
                      "Fetched ",
                      5,
                      " of ",
                      10,
                    ],
                    "style": Object {},
                  },
                  "memoizedState": null,
                  "mode": 0,
                  "nextEffect": null,
                  "pendingProps": Object {
                    "children": Array [
                      "Fetched ",
                      5,
                      " of ",
                      10,
                    ],
                    "style": Object {},
                  },
                  "ref": null,
                  "return": [Circular],
                  "selfBaseDuration": 0,
                  "sibling": null,
                  "stateNode": [Circular],
                  "tag": 5,
                  "treeBaseDuration": 0,
                  "type": "div",
                  "updateQueue": null,
                },
                "isHidden": false,
                "props": Object {
                  "children": Array [
                    "Fetched ",
                    5,
                    " of ",
                    10,
                  ],
                  "style": Object {},
                },
                "rootContainerInstance": [Circular],
                "tag": "INSTANCE",
                "type": "div",
              },
            ],
            "createNodeMock": [Function],
            "tag": "CONTAINER",
          },
          "context": Object {},
          "current": [Circular],
          "finishedExpirationTime": 0,
          "finishedWork": null,
          "firstPendingTime": 0,
          "firstSuspendedTime": 0,
          "hydrate": false,
          "interactionThreadID": 1,
          "lastExpiredTime": 0,
          "lastPingedTime": 0,
          "lastSuspendedTime": 0,
          "memoizedInteractions": Set {},
          "nextKnownPendingLevel": 0,
          "pendingChildren": null,
          "pendingContext": null,
          "pendingInteractionMap": Map {},
          "pingCache": null,
          "tag": 0,
          "timeoutHandle": -1,
        },
        "tag": 3,
        "treeBaseDuration": 0,
        "type": null,
        "updateQueue": Object {
          "baseQueue": Object {
            "callback": null,
            "expirationTime": 1073741823,
            "next": [Circular],
            "payload": Object {
              "element": <_SearchStats
                numFetched={5}
                numFound={10}
                style={Object {}}
              />,
            },
            "priority": 97,
            "suspenseConfig": null,
            "tag": 0,
          },
          "baseState": null,
          "effects": null,
          "shared": Object {
            "pending": null,
          },
        },
      },
      "child": [Circular],
      "childExpirationTime": 0,
      "dependencies": null,
      "effectTag": 0,
      "elementType": null,
      "expirationTime": 0,
      "firstEffect": [Circular],
      "index": 0,
      "key": null,
      "lastEffect": [Circular],
      "memoizedProps": null,
      "memoizedState": Object {
        "element": <_SearchStats
          numFetched={5}
          numFound={10}
          style={Object {}}
        />,
      },
      "mode": 0,
      "nextEffect": null,
      "pendingProps": null,
      "ref": null,
      "return": null,
      "selfBaseDuration": 0,
      "sibling": null,
      "stateNode": FiberRootNode {
        "callbackExpirationTime": 0,
        "callbackNode": null,
        "callbackPriority": 90,
        "containerInfo": Object {
          "children": Array [
            Object {
              "children": Array [
                Object {
                  "isHidden": false,
                  "tag": "TEXT",
                  "text": "Fetched ",
                },
                Object {
                  "isHidden": false,
                  "tag": "TEXT",
                  "text": "5",
                },
                Object {
                  "isHidden": false,
                  "tag": "TEXT",
                  "text": " of ",
                },
                Object {
                  "isHidden": false,
                  "tag": "TEXT",
                  "text": "10",
                },
              ],
              "internalInstanceHandle": FiberNode {
                "_debugHookTypes": null,
                "_debugID": 4,
                "_debugIsCurrentlyTiming": false,
                "_debugNeedsRemount": false,
                "_debugOwner": [Circular],
                "_debugSource": Object {
                  "columnNumber": 3,
                  "fileName": "/Users/lawrencesiden/projects/omdb-film-browser-web/src/components/search-stats.jsx",
                  "lineNumber": 8,
                },
                "actualDuration": 0,
                "actualStartTime": -1,
                "alternate": null,
                "child": FiberNode {
                  "_debugHookTypes": null,
                  "_debugID": 5,
                  "_debugIsCurrentlyTiming": false,
                  "_debugNeedsRemount": false,
                  "_debugOwner": null,
                  "_debugSource": null,
                  "actualDuration": 0,
                  "actualStartTime": -1,
                  "alternate": null,
                  "child": null,
                  "childExpirationTime": 0,
                  "dependencies": null,
                  "effectTag": 0,
                  "elementType": null,
                  "expirationTime": 0,
                  "firstEffect": null,
                  "index": 0,
                  "key": null,
                  "lastEffect": null,
                  "memoizedProps": "Fetched ",
                  "memoizedState": null,
                  "mode": 0,
                  "nextEffect": null,
                  "pendingProps": "Fetched ",
                  "ref": null,
                  "return": [Circular],
                  "selfBaseDuration": 0,
                  "sibling": FiberNode {
                    "_debugHookTypes": null,
                    "_debugID": 6,
                    "_debugIsCurrentlyTiming": false,
                    "_debugNeedsRemount": false,
                    "_debugOwner": null,
                    "_debugSource": null,
                    "actualDuration": 0,
                    "actualStartTime": -1,
                    "alternate": null,
                    "child": null,
                    "childExpirationTime": 0,
                    "dependencies": null,
                    "effectTag": 0,
                    "elementType": null,
                    "expirationTime": 0,
                    "firstEffect": null,
                    "index": 1,
                    "key": null,
                    "lastEffect": null,
                    "memoizedProps": "5",
                    "memoizedState": null,
                    "mode": 0,
                    "nextEffect": null,
                    "pendingProps": "5",
                    "ref": null,
                    "return": [Circular],
                    "selfBaseDuration": 0,
                    "sibling": FiberNode {
                      "_debugHookTypes": null,
                      "_debugID": 7,
                      "_debugIsCurrentlyTiming": false,
                      "_debugNeedsRemount": false,
                      "_debugOwner": null,
                      "_debugSource": null,
                      "actualDuration": 0,
                      "actualStartTime": -1,
                      "alternate": null,
                      "child": null,
                      "childExpirationTime": 0,
                      "dependencies": null,
                      "effectTag": 0,
                      "elementType": null,
                      "expirationTime": 0,
                      "firstEffect": null,
                      "index": 2,
                      "key": null,
                      "lastEffect": null,
                      "memoizedProps": " of ",
                      "memoizedState": null,
                      "mode": 0,
                      "nextEffect": null,
                      "pendingProps": " of ",
                      "ref": null,
                      "return": [Circular],
                      "selfBaseDuration": 0,
                      "sibling": FiberNode {
                        "_debugHookTypes": null,
                        "_debugID": 8,
                        "_debugIsCurrentlyTiming": false,
                        "_debugNeedsRemount": false,
                        "_debugOwner": null,
                        "_debugSource": null,
                        "actualDuration": 0,
                        "actualStartTime": -1,
                        "alternate": null,
                        "child": null,
                        "childExpirationTime": 0,
                        "dependencies": null,
                        "effectTag": 0,
                        "elementType": null,
                        "expirationTime": 0,
                        "firstEffect": null,
                        "index": 3,
                        "key": null,
                        "lastEffect": null,
                        "memoizedProps": "10",
                        "memoizedState": null,
                        "mode": 0,
                        "nextEffect": null,
                        "pendingProps": "10",
                        "ref": null,
                        "return": [Circular],
                        "selfBaseDuration": 0,
                        "sibling": null,
                        "stateNode": Object {
                          "isHidden": false,
                          "tag": "TEXT",
                          "text": "10",
                        },
                        "tag": 6,
                        "treeBaseDuration": 0,
                        "type": null,
                        "updateQueue": null,
                      },
                      "stateNode": Object {
                        "isHidden": false,
                        "tag": "TEXT",
                        "text": " of ",
                      },
                      "tag": 6,
                      "treeBaseDuration": 0,
                      "type": null,
                      "updateQueue": null,
                    },
                    "stateNode": Object {
                      "isHidden": false,
                      "tag": "TEXT",
                      "text": "5",
                    },
                    "tag": 6,
                    "treeBaseDuration": 0,
                    "type": null,
                    "updateQueue": null,
                  },
                  "stateNode": Object {
                    "isHidden": false,
                    "tag": "TEXT",
                    "text": "Fetched ",
                  },
                  "tag": 6,
                  "treeBaseDuration": 0,
                  "type": null,
                  "updateQueue": null,
                },
                "childExpirationTime": 0,
                "dependencies": null,
                "effectTag": 0,
                "elementType": "div",
                "expirationTime": 0,
                "firstEffect": null,
                "index": 0,
                "key": null,
                "lastEffect": null,
                "memoizedProps": Object {
                  "children": Array [
                    "Fetched ",
                    5,
                    " of ",
                    10,
                  ],
                  "style": Object {},
                },
                "memoizedState": null,
                "mode": 0,
                "nextEffect": null,
                "pendingProps": Object {
                  "children": Array [
                    "Fetched ",
                    5,
                    " of ",
                    10,
                  ],
                  "style": Object {},
                },
                "ref": null,
                "return": [Circular],
                "selfBaseDuration": 0,
                "sibling": null,
                "stateNode": [Circular],
                "tag": 5,
                "treeBaseDuration": 0,
                "type": "div",
                "updateQueue": null,
              },
              "isHidden": false,
              "props": Object {
                "children": Array [
                  "Fetched ",
                  5,
                  " of ",
                  10,
                ],
                "style": Object {},
              },
              "rootContainerInstance": [Circular],
              "tag": "INSTANCE",
              "type": "div",
            },
          ],
          "createNodeMock": [Function],
          "tag": "CONTAINER",
        },
        "context": Object {},
        "current": [Circular],
        "finishedExpirationTime": 0,
        "finishedWork": null,
        "firstPendingTime": 0,
        "firstSuspendedTime": 0,
        "hydrate": false,
        "interactionThreadID": 1,
        "lastExpiredTime": 0,
        "lastPingedTime": 0,
        "lastSuspendedTime": 0,
        "memoizedInteractions": Set {},
        "nextKnownPendingLevel": 0,
        "pendingChildren": null,
        "pendingContext": null,
        "pendingInteractionMap": Map {},
        "pingCache": null,
        "tag": 0,
        "timeoutHandle": -1,
      },
      "tag": 3,
      "treeBaseDuration": 0,
      "type": null,
      "updateQueue": Object {
        "baseQueue": null,
        "baseState": Object {
          "element": <_SearchStats
            numFetched={5}
            numFound={10}
            style={Object {}}
          />,
        },
        "effects": null,
        "shared": Object {
          "pending": null,
        },
      },
    },
    "selfBaseDuration": 0,
    "sibling": null,
    "stateNode": null,
    "tag": 0,
    "treeBaseDuration": 0,
    "type": [Function],
    "updateQueue": null,
  },
}
`;
